Mar-13 20:37:50.528 [main] DEBUG nextflow.cli.Launcher - $> nextflow run nextflow.nf
Mar-13 20:37:50.700 [main] DEBUG nextflow.cli.CmdRun - N E X T F L O W  ~  version 24.10.5
Mar-13 20:37:50.758 [main] DEBUG nextflow.plugin.PluginsFacade - Setting up plugin manager > mode=prod; embedded=false; plugins-dir=/home/ragon/.nextflow/plugins; core-plugins: nf-amazon@2.9.2,nf-azure@1.10.2,nf-cloudcache@0.4.2,nf-codecommit@0.2.2,nf-console@1.1.4,nf-google@1.15.4,nf-tower@1.9.3,nf-wave@1.7.4
Mar-13 20:37:50.810 [main] INFO  o.pf4j.DefaultPluginStatusProvider - Enabled plugins: []
Mar-13 20:37:50.815 [main] INFO  o.pf4j.DefaultPluginStatusProvider - Disabled plugins: []
Mar-13 20:37:50.826 [main] INFO  org.pf4j.DefaultPluginManager - PF4J version 3.12.0 in 'deployment' mode
Mar-13 20:37:50.859 [main] INFO  org.pf4j.AbstractPluginManager - No plugins
Mar-13 20:37:51.028 [main] DEBUG nextflow.cli.CmdRun - Applied DSL=2 by global default
Mar-13 20:37:51.055 [main] DEBUG nextflow.cli.CmdRun - Launching `nextflow.nf` [pensive_borg] DSL2 - revision: 90ce3c59c1
Mar-13 20:37:51.060 [main] DEBUG nextflow.plugin.PluginsFacade - Plugins default=[]
Mar-13 20:37:51.061 [main] DEBUG nextflow.plugin.PluginsFacade - Plugins resolved requirement=[]
Mar-13 20:37:51.211 [main] DEBUG nextflow.Session - Session UUID: 75360be9-aac2-401f-8d2f-98ee11de11eb
Mar-13 20:37:51.212 [main] DEBUG nextflow.Session - Run name: pensive_borg
Mar-13 20:37:51.213 [main] DEBUG nextflow.Session - Executor pool size: 4
Mar-13 20:37:51.235 [main] DEBUG nextflow.file.FilePorter - File porter settings maxRetries=3; maxTransfers=50; pollTimeout=null
Mar-13 20:37:51.253 [main] DEBUG nextflow.util.ThreadPoolBuilder - Creating thread pool 'FileTransfer' minSize=10; maxSize=12; workQueue=LinkedBlockingQueue[-1]; allowCoreThreadTimeout=false
Mar-13 20:37:51.414 [main] DEBUG nextflow.cli.CmdRun - 
  Version: 24.10.5 build 5935
  Created: 04-03-2025 17:55 UTC (05-03-2025 00:55 WIST)
  System: Linux 5.15.167.4-microsoft-standard-WSL2
  Runtime: Groovy 4.0.23 on OpenJDK 64-Bit Server VM 11.0.26+4-post-Ubuntu-1ubuntu124.04
  Encoding: UTF-8 (UTF-8)
  Process: 20244@DESKTOP-CI2MM8K [127.0.1.1]
  CPUs: 4 - Mem: 3.8 GB (892.2 MB) - Swap: 1 GB (1 GB)
Mar-13 20:37:51.515 [main] DEBUG nextflow.Session - Work-dir: /home/ragon/BGVR/chapter_04/project_42_1/work [ext2/ext3]
Mar-13 20:37:51.516 [main] DEBUG nextflow.Session - Script base path does not exist or is not a directory: /home/ragon/BGVR/chapter_04/project_42_1/bin
Mar-13 20:37:51.543 [main] DEBUG nextflow.executor.ExecutorFactory - Extension executors providers=[]
Mar-13 20:37:51.568 [main] DEBUG nextflow.Session - Observer factory: DefaultObserverFactory
Mar-13 20:37:51.674 [main] DEBUG nextflow.cache.CacheFactory - Using Nextflow cache factory: nextflow.cache.DefaultCacheFactory
Mar-13 20:37:51.709 [main] DEBUG nextflow.util.CustomThreadPool - Creating default thread pool > poolSize: 5; maxThreads: 1000
Mar-13 20:37:51.942 [main] DEBUG nextflow.Session - Session start
Mar-13 20:37:52.955 [main] DEBUG nextflow.script.ScriptRunner - > Launching execution
Mar-13 20:37:52.997 [main] DEBUG n.secret.LocalSecretsProvider - Secrets store: /home/ragon/.nextflow/secrets/store.json
Mar-13 20:37:53.016 [main] DEBUG nextflow.secret.SecretsLoader - Discovered secrets providers: [nextflow.secret.LocalSecretsProvider@63300c4b] - activable => nextflow.secret.LocalSecretsProvider@63300c4b
Mar-13 20:37:53.047 [main] WARN  nextflow.script.ScriptBinding - Access to undefined parameter `num_genes` -- Initialise it to a default value eg. `params.num_genes = some_value`
Mar-13 20:37:53.063 [main] WARN  nextflow.script.ScriptBinding - Access to undefined parameter `num_samples` -- Initialise it to a default value eg. `params.num_samples = some_value`
Mar-13 20:37:53.066 [main] WARN  nextflow.script.ScriptBinding - Access to undefined parameter `output_file` -- Initialise it to a default value eg. `params.output_file = some_value`
Mar-13 20:37:53.415 [main] DEBUG nextflow.executor.ExecutorFactory - << taskConfig executor: null
Mar-13 20:37:53.416 [main] DEBUG nextflow.executor.ExecutorFactory - >> processorType: 'local'
Mar-13 20:37:53.435 [main] DEBUG nextflow.executor.Executor - [warm up] executor > local
Mar-13 20:37:53.453 [main] DEBUG n.processor.LocalPollingMonitor - Creating local task monitor for executor 'local' > cpus=4; memory=3.8 GB; capacity=4; pollInterval=100ms; dumpInterval=5m
Mar-13 20:37:53.461 [main] DEBUG n.processor.TaskPollingMonitor - >>> barrier register (monitor: local)
Mar-13 20:37:53.756 [main] DEBUG nextflow.Session - Workflow process names [dsl2]: buildAdjacencyMatrix
Mar-13 20:37:53.757 [main] DEBUG nextflow.Session - Igniting dataflow network (1)
Mar-13 20:37:53.759 [main] DEBUG nextflow.processor.TaskProcessor - Starting process > buildAdjacencyMatrix
Mar-13 20:37:53.762 [main] DEBUG nextflow.script.ScriptRunner - Parsed script files:
  Script_47e777b66042012d: /home/ragon/BGVR/chapter_04/project_42_1/nextflow.nf
Mar-13 20:37:53.762 [main] DEBUG nextflow.script.ScriptRunner - > Awaiting termination 
Mar-13 20:37:53.762 [main] DEBUG nextflow.Session - Session await
Mar-13 20:37:54.420 [Task submitter] DEBUG n.executor.local.LocalTaskHandler - Launch cmd line: /bin/bash -ue .command.run
Mar-13 20:37:54.426 [Task submitter] INFO  nextflow.Session - [fb/c32445] Submitted process > buildAdjacencyMatrix
Mar-13 20:37:54.545 [Task monitor] DEBUG n.processor.TaskPollingMonitor - Task completed > TaskHandler[id: 1; name: buildAdjacencyMatrix; status: COMPLETED; exit: 1; error: -; workDir: /home/ragon/BGVR/chapter_04/project_42_1/work/fb/c324457a68aa43cbbd962205fc7f95]
Mar-13 20:37:54.554 [Task monitor] DEBUG nextflow.util.ThreadPoolBuilder - Creating thread pool 'TaskFinalizer' minSize=10; maxSize=12; workQueue=LinkedBlockingQueue[-1]; allowCoreThreadTimeout=false
Mar-13 20:37:54.594 [TaskFinalizer-1] DEBUG nextflow.processor.TaskProcessor - Handling unexpected condition for
  task: name=buildAdjacencyMatrix; work-dir=/home/ragon/BGVR/chapter_04/project_42_1/work/fb/c324457a68aa43cbbd962205fc7f95
  error [nextflow.exception.ProcessFailedException]: Process `buildAdjacencyMatrix` terminated with an error exit status (1)
Mar-13 20:37:54.666 [TaskFinalizer-1] ERROR nextflow.processor.TaskProcessor - Error executing process > 'buildAdjacencyMatrix'

Caused by:
  Process `buildAdjacencyMatrix` terminated with an error exit status (1)


Command executed:

  # Compile the Rust code
  cd rust_code
  cargo build --release
  
  # Run the compiled binary with the specified parameters
  ./target/release/parallel_correlation \
      --num-genes 1000 \
      --num-samples 50 \
      --output ../partial_adjacency.bin

Command exit status:
  1

Command output:
  (empty)

Command error:
  .command.sh: line 3: cd: rust_code: No such file or directory

Work dir:
  /home/ragon/BGVR/chapter_04/project_42_1/work/fb/c324457a68aa43cbbd962205fc7f95

Tip: you can replicate the issue by changing to the process work dir and entering the command `bash .command.run`
Mar-13 20:37:54.685 [TaskFinalizer-1] DEBUG nextflow.Session - Session aborted -- Cause: Process `buildAdjacencyMatrix` terminated with an error exit status (1)
Mar-13 20:37:54.699 [main] DEBUG nextflow.Session - Session await > all processes finished
Mar-13 20:37:54.780 [Task monitor] DEBUG n.processor.TaskPollingMonitor - <<< barrier arrives (monitor: local) - terminating tasks monitor poll loop
Mar-13 20:37:54.781 [main] DEBUG nextflow.Session - Session await > all barriers passed
Mar-13 20:37:54.815 [main] DEBUG n.trace.WorkflowStatsObserver - Workflow completed > WorkflowStats[succeededCount=0; failedCount=1; ignoredCount=0; cachedCount=0; pendingCount=0; submittedCount=0; runningCount=0; retriesCount=0; abortedCount=0; succeedDuration=0ms; failedDuration=94ms; cachedDuration=0ms;loadCpus=0; loadMemory=0; peakRunning=1; peakCpus=1; peakMemory=0; ]
Mar-13 20:37:54.837 [TaskFinalizer-1] DEBUG nextflow.Session - 
Thread[Actor Thread 4,5,main]
  java.base@11.0.26/jdk.internal.misc.Unsafe.park(Native Method)
  java.base@11.0.26/java.util.concurrent.locks.LockSupport.park(LockSupport.java:194)
  java.base@11.0.26/java.util.concurrent.SynchronousQueue$TransferStack.awaitFulfill(SynchronousQueue.java:460)
  java.base@11.0.26/java.util.concurrent.SynchronousQueue$TransferStack.transfer(SynchronousQueue.java:361)
  java.base@11.0.26/java.util.concurrent.SynchronousQueue.take(SynchronousQueue.java:920)
  java.base@11.0.26/java.util.concurrent.ThreadPoolExecutor.getTask(ThreadPoolExecutor.java:1054)
  java.base@11.0.26/java.util.concurrent.ThreadPoolExecutor.runWorker(ThreadPoolExecutor.java:1114)
  java.base@11.0.26/java.util.concurrent.ThreadPoolExecutor$Worker.run(ThreadPoolExecutor.java:628)
  java.base@11.0.26/java.lang.Thread.run(Thread.java:829)

Thread[Common-Cleaner,8,InnocuousThreadGroup]
  java.base@11.0.26/java.lang.Object.wait(Native Method)
  java.base@11.0.26/java.lang.ref.ReferenceQueue.remove(ReferenceQueue.java:155)
  java.base@11.0.26/jdk.internal.ref.CleanerImpl.run(CleanerImpl.java:148)
  java.base@11.0.26/java.lang.Thread.run(Thread.java:829)
  java.base@11.0.26/jdk.internal.misc.InnocuousThread.run(InnocuousThread.java:161)

Thread[process reaper,10,system]
  java.base@11.0.26/jdk.internal.misc.Unsafe.park(Native Method)
  java.base@11.0.26/java.util.concurrent.locks.LockSupport.parkNanos(LockSupport.java:234)
  java.base@11.0.26/java.util.concurrent.SynchronousQueue$TransferStack.awaitFulfill(SynchronousQueue.java:462)
  java.base@11.0.26/java.util.concurrent.SynchronousQueue$TransferStack.transfer(SynchronousQueue.java:361)
  java.base@11.0.26/java.util.concurrent.SynchronousQueue.poll(SynchronousQueue.java:937)
  java.base@11.0.26/java.util.concurrent.ThreadPoolExecutor.getTask(ThreadPoolExecutor.java:1053)
  java.base@11.0.26/java.util.concurrent.ThreadPoolExecutor.runWorker(ThreadPoolExecutor.java:1114)
  java.base@11.0.26/java.util.concurrent.ThreadPoolExecutor$Worker.run(ThreadPoolExecutor.java:628)
  java.base@11.0.26/java.lang.Thread.run(Thread.java:829)

Thread[Actor Thread 5,5,main]
  java.base@11.0.26/jdk.internal.misc.Unsafe.park(Native Method)
  java.base@11.0.26/java.util.concurrent.locks.LockSupport.park(LockSupport.java:194)
  java.base@11.0.26/java.util.concurrent.SynchronousQueue$TransferStack.awaitFulfill(SynchronousQueue.java:460)
  java.base@11.0.26/java.util.concurrent.SynchronousQueue$TransferStack.transfer(SynchronousQueue.java:361)
  java.base@11.0.26/java.util.concurrent.SynchronousQueue.take(SynchronousQueue.java:920)
  java.base@11.0.26/java.util.concurrent.ThreadPoolExecutor.getTask(ThreadPoolExecutor.java:1054)
  java.base@11.0.26/java.util.concurrent.ThreadPoolExecutor.runWorker(ThreadPoolExecutor.java:1114)
  java.base@11.0.26/java.util.concurrent.ThreadPoolExecutor$Worker.run(ThreadPoolExecutor.java:628)
  java.base@11.0.26/java.lang.Thread.run(Thread.java:829)

Thread[Task submitter,5,main]
  java.base@11.0.26/jdk.internal.misc.Unsafe.park(Native Method)
  java.base@11.0.26/java.util.concurrent.locks.LockSupport.park(LockSupport.java:194)
  java.base@11.0.26/java.util.concurrent.locks.AbstractQueuedSynchronizer$ConditionObject.await(AbstractQueuedSynchronizer.java:2081)
  app//nextflow.processor.TaskPollingMonitor.awaitTasks(TaskPollingMonitor.groovy:388)
  app//nextflow.processor.TaskPollingMonitor.submitLoop(TaskPollingMonitor.groovy:412)
  java.base@11.0.26/jdk.internal.reflect.NativeMethodAccessorImpl.invoke0(Native Method)
  java.base@11.0.26/jdk.internal.reflect.NativeMethodAccessorImpl.invoke(NativeMethodAccessorImpl.java:62)
  java.base@11.0.26/jdk.internal.reflect.DelegatingMethodAccessorImpl.invoke(DelegatingMethodAccessorImpl.java:43)
  java.base@11.0.26/java.lang.reflect.Method.invoke(Method.java:566)
  app//org.codehaus.groovy.reflection.CachedMethod.invoke(CachedMethod.java:343)
  app//groovy.lang.MetaMethod.doMethodInvoke(MetaMethod.java:328)
  app//groovy.lang.MetaClassImpl.doInvokeMethod(MetaClassImpl.java:1333)
  app//groovy.lang.MetaClassImpl.invokeMethod(MetaClassImpl.java:1088)
  app//groovy.lang.MetaClassImpl.invokeMethodClosure(MetaClassImpl.java:1017)
  app//groovy.lang.MetaClassImpl.doInvokeMethod(MetaClassImpl.java:1207)
  app//groovy.lang.MetaClassImpl.invokeMethod(MetaClassImpl.java:1088)
  app//groovy.lang.MetaClassImpl.invokeMethod(MetaClassImpl.java:1007)
  app//groovy.lang.Closure.call(Closure.java:433)
  app//groovy.lang.Closure.call(Closure.java:412)
  app//groovy.lang.Closure.run(Closure.java:505)
  java.base@11.0.26/java.lang.Thread.run(Thread.java:829)

Thread[TaskFinalizer-1,5,main]
  java.base@11.0.26/java.lang.Thread.dumpThreads(Native Method)
  java.base@11.0.26/java.lang.Thread.getAllStackTraces(Thread.java:1653)
  app//nextflow.util.SysHelper.dumpThreads(SysHelper.groovy:188)
  app//nextflow.Session.abort(Session.groovy:800)
  app//nextflow.Session.fault(Session.groovy:766)
  app//nextflow.processor.TaskPollingMonitor.finalizeTask(TaskPollingMonitor.groovy:695)
  app//nextflow.processor.TaskPollingMonitor.safeFinalizeTask(TaskPollingMonitor.groovy:678)
  java.base@11.0.26/jdk.internal.reflect.NativeMethodAccessorImpl.invoke0(Native Method)
  java.base@11.0.26/jdk.internal.reflect.NativeMethodAccessorImpl.invoke(NativeMethodAccessorImpl.java:62)
  java.base@11.0.26/jdk.internal.reflect.DelegatingMethodAccessorImpl.invoke(DelegatingMethodAccessorImpl.java:43)
  java.base@11.0.26/java.lang.reflect.Method.invoke(Method.java:566)
  app//org.codehaus.groovy.reflection.CachedMethod.invoke(CachedMethod.java:343)
  app//groovy.lang.MetaMethod.doMethodInvoke(MetaMethod.java:328)
  app//groovy.lang.MetaClassImpl.doInvokeMethod(MetaClassImpl.java:1333)
  app//groovy.lang.MetaClassImpl.invokeMethod(MetaClassImpl.java:1088)
  app//groovy.lang.MetaClassImpl.invokeMethod(MetaClassImpl.java:1007)
  app//org.codehaus.groovy.runtime.InvokerHelper.invokePogoMethod(InvokerHelper.java:645)
  app//org.codehaus.groovy.runtime.InvokerHelper.invokeMethod(InvokerHelper.java:628)
  app//org.codehaus.groovy.runtime.InvokerHelper.invokeMethodSafe(InvokerHelper.java:82)
  app//nextflow.processor.TaskPollingMonitor$_checkTaskStatus_lambda8.doCall(TaskPollingMonitor.groovy:668)
  app//nextflow.processor.TaskPollingMonitor$$Lambda$407/0x0000000840439040.run(Unknown Source)
  java.base@11.0.26/java.util.concurrent.Executors$RunnableAdapter.call(Executors.java:515)
  java.base@11.0.26/java.util.concurrent.FutureTask.run(FutureTask.java:264)
  java.base@11.0.26/java.util.concurrent.ThreadPoolExecutor.runWorker(ThreadPoolExecutor.java:1128)
  java.base@11.0.26/java.util.concurrent.ThreadPoolExecutor$Worker.run(ThreadPoolExecutor.java:628)
  java.base@11.0.26/java.lang.Thread.run(Thread.java:829)

Thread[Actor Thread 1,5,main]
  java.base@11.0.26/java.lang.Class.initClassName(Native Method)
  java.base@11.0.26/java.lang.Class.getName(Class.java:793)
  java.base@11.0.26/java.lang.Class.getPackageName(Class.java:1008)
  java.base@11.0.26/java.lang.ClassLoader.postDefineClass(ClassLoader.java:928)
  java.base@11.0.26/java.lang.ClassLoader.defineClass(ClassLoader.java:1023)
  java.base@11.0.26/java.security.SecureClassLoader.defineClass(SecureClassLoader.java:174)
  java.base@11.0.26/jdk.internal.loader.BuiltinClassLoader.defineClass(BuiltinClassLoader.java:800)
  java.base@11.0.26/jdk.internal.loader.BuiltinClassLoader.findClassOnClassPathOrNull(BuiltinClassLoader.java:698)
  java.base@11.0.26/jdk.internal.loader.BuiltinClassLoader.loadClassOrNull(BuiltinClassLoader.java:621)
  java.base@11.0.26/jdk.internal.loader.BuiltinClassLoader.loadClass(BuiltinClassLoader.java:579)
  java.base@11.0.26/jdk.internal.loader.ClassLoaders$AppClassLoader.loadClass(ClassLoaders.java:178)
  java.base@11.0.26/java.lang.ClassLoader.loadClass(ClassLoader.java:527)
  java.base@11.0.26/java.lang.Class.getDeclaredMethods0(Native Method)
  java.base@11.0.26/java.lang.Class.privateGetDeclaredMethods(Class.java:3166)
  java.base@11.0.26/java.lang.Class.getDeclaredMethods(Class.java:2309)
  app//org.codehaus.groovy.reflection.CachedClass$3.lambda$initValue$4(CachedClass.java:84)
  app//org.codehaus.groovy.reflection.CachedClass$3$$Lambda$10/0x0000000840066040.run(Unknown Source)
  java.base@11.0.26/java.security.AccessController.doPrivileged(Native Method)
  app//org.codehaus.groovy.reflection.CachedClass.doPrivileged(CachedClass.java:160)
  app//org.codehaus.groovy.reflection.CachedClass.access$000(CachedClass.java:45)
  app//org.codehaus.groovy.reflection.CachedClass$3.initValue(CachedClass.java:93)
  app//org.codehaus.groovy.reflection.CachedClass$3.initValue(CachedClass.java:77)
  app//org.codehaus.groovy.util.LazyReference.getLocked(LazyReference.java:50)
  app//org.codehaus.groovy.util.LazyReference.get(LazyReference.java:37)
  app//org.codehaus.groovy.reflection.CachedClass.getMethods(CachedClass.java:268)
  app//groovy.lang.MetaClassImpl.populateMethods(MetaClassImpl.java:394)
  app//groovy.lang.MetaClassImpl.fillMethodIndex(MetaClassImpl.java:375)
  app//groovy.lang.MetaClassImpl.reinitialize(MetaClassImpl.java:3446)
  app//groovy.lang.MetaClassImpl.initialize(MetaClassImpl.java:3441)
  app//org.codehaus.groovy.reflection.ClassInfo.getMetaClassUnderLock(ClassInfo.java:272)
  app//org.codehaus.groovy.reflection.ClassInfo.getMetaClass(ClassInfo.java:314)
  app//org.codehaus.groovy.runtime.metaclass.MetaClassRegistryImpl.getMetaClass(MetaClassRegistryImpl.java:269)
  app//org.codehaus.groovy.vmplugin.v8.Selector$InitSelector.getMetaClass(Selector.java:406)
  app//org.codehaus.groovy.vmplugin.v8.Selector$MethodSelector.setCallSiteTarget(Selector.java:1020)
  app//org.codehaus.groovy.vmplugin.v8.IndyInterface.fallback(IndyInterface.java:360)
  app//org.codehaus.groovy.vmplugin.v8.IndyInterface.access$000(IndyInterface.java:50)
  app//org.codehaus.groovy.vmplugin.v8.IndyInterface$FallbackSupplier.get(IndyInterface.java:282)
  app//org.codehaus.groovy.vmplugin.v8.IndyInterface.lambda$fromCache$1(IndyInterface.java:304)
  app//org.codehaus.groovy.vmplugin.v8.IndyInterface$$Lambda$89/0x00000008400ebc40.provide(Unknown Source)
  app//org.codehaus.groovy.vmplugin.v8.CacheableCallSite.getAndPut(CacheableCallSite.java:70)
  app//org.codehaus.groovy.vmplugin.v8.IndyInterface.lambda$fromCache$2(IndyInterface.java:301)
  app//org.codehaus.groovy.vmplugin.v8.IndyInterface$$Lambda$88/0x00000008400eb840.apply(Unknown Source)
  app//org.codehaus.groovy.vmplugin.v8.IndyInterface.doWithCallSite(IndyInterface.java:376)
  app//org.codehaus.groovy.vmplugin.v8.IndyInterface.fromCache(IndyInterface.java:298)
  java.base@11.0.26/java.lang.invoke.LambdaForm$DMH/0x00000008400e3840.invokeStatic(LambdaForm$DMH)
  java.base@11.0.26/java.lang.invoke.LambdaForm$MH/0x00000008400eac40.invoke(LambdaForm$MH)
  java.base@11.0.26/java.lang.invoke.Invokers$Holder.linkToCallSite(Invokers$Holder)
  app//nextflow.util.KryoHelper.newInstance(SerializationHelper.groovy:87)
  java.base@11.0.26/jdk.internal.reflect.NativeMethodAccessorImpl.invoke0(Native Method)
  java.base@11.0.26/jdk.internal.reflect.NativeMethodAccessorImpl.invoke(NativeMethodAccessorImpl.java:62)
  java.base@11.0.26/jdk.internal.reflect.DelegatingMethodAccessorImpl.invoke(DelegatingMethodAccessorImpl.java:43)
  java.base@11.0.26/java.lang.reflect.Method.invoke(Method.java:566)
  app//org.codehaus.groovy.reflection.CachedMethod.invoke(CachedMethod.java:343)
  app//groovy.lang.MetaMethod.doMethodInvoke(MetaMethod.java:328)
  app//groovy.lang.MetaClassImpl.invokeStaticMethod(MetaClassImpl.java:1586)
  app//org.codehaus.groovy.runtime.InvokerHelper.invokeMethod(InvokerHelper.java:611)
  app//org.codehaus.groovy.runtime.ScriptBytecodeAdapter.invokeMethodN(ScriptBytecodeAdapter.java:182)
  app//nextflow.util.KryoHelper$1.methodMissing(SerializationHelper.groovy)
  java.base@11.0.26/jdk.internal.reflect.NativeMethodAccessorImpl.invoke0(Native Method)
  java.base@11.0.26/jdk.internal.reflect.NativeMethodAccessorImpl.invoke(NativeMethodAccessorImpl.java:62)
  java.base@11.0.26/jdk.internal.reflect.DelegatingMethodAccessorImpl.invoke(DelegatingMethodAccessorImpl.java:43)
  java.base@11.0.26/java.lang.reflect.Method.invoke(Method.java:566)
  app//org.codehaus.groovy.reflection.CachedMethod.invoke(CachedMethod.java:343)
  app//groovy.lang.MetaClassImpl.invokeMissingMethod(MetaClassImpl.java:924)
  app//groovy.lang.MetaClassImpl.invokePropertyOrMissing(MetaClassImpl.java:1413)
  app//groovy.lang.MetaClassImpl.doInvokeMethod(MetaClassImpl.java:1335)
  app//groovy.lang.MetaClassImpl.invokeMethod(MetaClassImpl.java:1088)
  app//groovy.lang.MetaClassImpl.invokeMethod(MetaClassImpl.java:1007)
  java.base@11.0.26/java.lang.invoke.LambdaForm$DMH/0x00000008400ed040.invokeInterface(LambdaForm$DMH)
  java.base@11.0.26/java.lang.invoke.LambdaForm$MH/0x00000008401a2c40.invoke(LambdaForm$MH)
  java.base@11.0.26/java.lang.invoke.LambdaForm$MH/0x00000008401c7040.invoke(LambdaForm$MH)
  java.base@11.0.26/java.lang.invoke.LambdaForm$MH/0x0000000840154440.guardWithCatch(LambdaForm$MH)
  java.base@11.0.26/java.lang.invoke.LambdaForm$MH/0x00000008400ef440.reinvoke(LambdaForm$MH)
  java.base@11.0.26/java.lang.invoke.LambdaForm$MH/0x00000008400ee840.guard(LambdaForm$MH)
  java.base@11.0.26/java.lang.invoke.LambdaForm$MH/0x00000008400ef440.reinvoke(LambdaForm$MH)
  java.base@11.0.26/java.lang.invoke.LambdaForm$MH/0x00000008400ee840.guard(LambdaForm$MH)
  java.base@11.0.26/java.lang.invoke.LambdaForm$MH/0x00000008400ef440.reinvoke(LambdaForm$MH)
  java.base@11.0.26/java.lang.invoke.LambdaForm$MH/0x0000000840150440.invoke(LambdaForm$MH)
  java.base@11.0.26/java.lang.invoke.LambdaForm$MH/0x00000008400fc040.invokeExact_MT(LambdaForm$MH)
  app//org.codehaus.groovy.vmplugin.v8.IndyInterface.fromCache(IndyInterface.java:321)
  java.base@11.0.26/java.lang.invoke.LambdaForm$DMH/0x00000008400e3840.invokeStatic(LambdaForm$DMH)
  java.base@11.0.26/java.lang.invoke.LambdaForm$MH/0x00000008400eac40.invoke(LambdaForm$MH)
  java.base@11.0.26/java.lang.invoke.Invokers$Holder.linkToCallSite(Invokers$Holder)
  app//nextflow.util.KryoHelper$1.initialValue(SerializationHelper.groovy:60)
  app//nextflow.util.KryoHelper$1.initialValue(SerializationHelper.groovy)
  java.base@11.0.26/java.lang.ThreadLocal.setInitialValue(ThreadLocal.java:195)
  java.base@11.0.26/java.lang.ThreadLocal.get(ThreadLocal.java:172)
  java.base@11.0.26/java.lang.invoke.DirectMethodHandle$Holder.invokeVirtual(DirectMethodHandle$Holder)
  java.base@11.0.26/java.lang.invoke.LambdaForm$MH/0x0000000840154440.guardWithCatch(LambdaForm$MH)
  java.base@11.0.26/java.lang.invoke.LambdaForm$MH/0x00000008400ef440.reinvoke(LambdaForm$MH)
  java.base@11.0.26/java.lang.invoke.LambdaForm$MH/0x00000008400ee840.guard(LambdaForm$MH)
  java.base@11.0.26/java.lang.invoke.LambdaForm$MH/0x00000008400ef440.reinvoke(LambdaForm$MH)
  java.base@11.0.26/java.lang.invoke.LambdaForm$MH/0x00000008400ee840.guard(LambdaForm$MH)
  java.base@11.0.26/java.lang.invoke.LambdaForm$MH/0x00000008400ef440.reinvoke(LambdaForm$MH)
  java.base@11.0.26/java.lang.invoke.LambdaForm$MH/0x0000000840150440.invoke(LambdaForm$MH)
  java.base@11.0.26/java.lang.invoke.LambdaForm$MH/0x00000008400fc040.invokeExact_MT(LambdaForm$MH)
  app//org.codehaus.groovy.vmplugin.v8.IndyInterface.fromCache(IndyInterface.java:321)
  java.base@11.0.26/java.lang.invoke.LambdaForm$DMH/0x00000008400e3840.invokeStatic(LambdaForm$DMH)
  java.base@11.0.26/java.lang.invoke.LambdaForm$MH/0x00000008400eac40.invoke(LambdaForm$MH)
  java.base@11.0.26/java.lang.invoke.Invokers$Holder.linkToCallSite(Invokers$Holder)
  app//nextflow.util.KryoHelper.kryo(SerializationHelper.groovy:79)
  java.base@11.0.26/java.lang.invoke.DirectMethodHandle$Holder.invokeStatic(DirectMethodHandle$Holder)
  java.base@11.0.26/java.lang.invoke.LambdaForm$MH/0x0000000840154c40.invoke(LambdaForm$MH)
  java.base@11.0.26/java.lang.invoke.LambdaForm$MH/0x0000000840154440.guardWithCatch(LambdaForm$MH)
  java.base@11.0.26/java.lang.invoke.LambdaForm$MH/0x00000008400ef440.reinvoke(LambdaForm$MH)
  java.base@11.0.26/java.lang.invoke.LambdaForm$MH/0x00000008400ee840.guard(LambdaForm$MH)
  java.base@11.0.26/java.lang.invoke.LambdaForm$MH/0x00000008400ef440.reinvoke(LambdaForm$MH)
  java.base@11.0.26/java.lang.invoke.LambdaForm$MH/0x0000000840150440.invoke(LambdaForm$MH)
  java.base@11.0.26/java.lang.invoke.LambdaForm$MH/0x00000008400fc040.invokeExact_MT(LambdaForm$MH)
  app//org.codehaus.groovy.vmplugin.v8.IndyInterface.fromCache(IndyInterface.java:321)
  java.base@11.0.26/java.lang.invoke.LambdaForm$DMH/0x00000008400e3840.invokeStatic(LambdaForm$DMH)
  java.base@11.0.26/java.lang.invoke.LambdaForm$MH/0x00000008400eac40.invoke(LambdaForm$MH)
  java.base@11.0.26/java.lang.invoke.Invokers$Holder.linkToCallSite(Invokers$Holder)
  app//nextflow.util.KryoHelper.serialize(SerializationHelper.groovy:166)
  app//nextflow.trace.TraceRecord.serialize(TraceRecord.groovy:573)
  app//nextflow.cache.CacheDB.writeTaskEntry0(CacheDB.groovy:147)
  java.base@11.0.26/jdk.internal.reflect.NativeMethodAccessorImpl.invoke0(Native Method)
  java.base@11.0.26/jdk.internal.reflect.NativeMethodAccessorImpl.invoke(NativeMethodAccessorImpl.java:62)
  java.base@11.0.26/jdk.internal.reflect.DelegatingMethodAccessorImpl.invoke(DelegatingMethodAccessorImpl.java:43)
  java.base@11.0.26/java.lang.reflect.Method.invoke(Method.java:566)
  app//org.codehaus.groovy.reflection.CachedMethod.invoke(CachedMethod.java:343)
  app//groovy.lang.MetaMethod.doMethodInvoke(MetaMethod.java:328)
  app//groovy.lang.MetaClassImpl.doInvokeMethod(MetaClassImpl.java:1333)
  app//groovy.lang.MetaClassImpl.invokeMethod(MetaClassImpl.java:1088)
  app//groovy.lang.MetaClassImpl.invokeMethod(MetaClassImpl.java:1007)
  app//org.codehaus.groovy.runtime.InvokerHelper.invokePogoMethod(InvokerHelper.java:645)
  app//org.codehaus.groovy.runtime.InvokerHelper.invokeMethod(InvokerHelper.java:628)
  app//org.codehaus.groovy.runtime.InvokerHelper.invokeMethodSafe(InvokerHelper.java:82)
  app//nextflow.cache.CacheDB$_putTaskAsync_closure1.doCall(CacheDB.groovy:157)
  app//nextflow.cache.CacheDB$_putTaskAsync_closure1.call(CacheDB.groovy)
  app//groovyx.gpars.agent.AgentBase.onMessage(AgentBase.java:102)
  app//groovyx.gpars.agent.Agent.handleMessage(Agent.java:84)
  app//groovyx.gpars.agent.AgentCore$1.handleMessage(AgentCore.java:48)
  app//groovyx.gpars.util.AsyncMessagingCore.run(AsyncMessagingCore.java:132)
  java.base@11.0.26/java.util.concurrent.ThreadPoolExecutor.runWorker(ThreadPoolExecutor.java:1128)
  java.base@11.0.26/java.util.concurrent.ThreadPoolExecutor$Worker.run(ThreadPoolExecutor.java:628)
  java.base@11.0.26/java.lang.Thread.run(Thread.java:829)

Thread[Reference Handler,10,system]
  java.base@11.0.26/java.lang.ref.Reference.waitForReferencePendingList(Native Method)
  java.base@11.0.26/java.lang.ref.Reference.processPendingReferences(Reference.java:241)
  java.base@11.0.26/java.lang.ref.Reference$ReferenceHandler.run(Reference.java:213)

Thread[AnsiLogObserver,5,main]
  java.base@11.0.26/java.lang.Object.wait(Native Method)
  app//nextflow.trace.AnsiLogObserver.render0(AnsiLogObserver.groovy:185)
  java.base@11.0.26/jdk.internal.reflect.NativeMethodAccessorImpl.invoke0(Native Method)
  java.base@11.0.26/jdk.internal.reflect.NativeMethodAccessorImpl.invoke(NativeMethodAccessorImpl.java:62)
  java.base@11.0.26/jdk.internal.reflect.DelegatingMethodAccessorImpl.invoke(DelegatingMethodAccessorImpl.java:43)
  java.base@11.0.26/java.lang.reflect.Method.invoke(Method.java:566)
  app//org.codehaus.groovy.reflection.CachedMethod.invoke(CachedMethod.java:343)
  app//groovy.lang.MetaMethod.doMethodInvoke(MetaMethod.java:328)
  app//groovy.lang.MetaClassImpl.doInvokeMethod(MetaClassImpl.java:1333)
  app//groovy.lang.MetaClassImpl.invokeMethod(MetaClassImpl.java:1088)
  app//groovy.lang.MetaClassImpl.invokeMethodClosure(MetaClassImpl.java:1017)
  app//groovy.lang.MetaClassImpl.doInvokeMethod(MetaClassImpl.java:1207)
  app//groovy.lang.MetaClassImpl.invokeMethod(MetaClassImpl.java:1088)
  app//groovy.lang.MetaClassImpl.invokeMethod(MetaClassImpl.java:1007)
  app//groovy.lang.Closure.call(Closure.java:433)
  app//groovy.lang.Closure.call(Closure.java:412)
  app//groovy.lang.Closure.run(Closure.java:505)
  java.base@11.0.26/java.lang.Thread.run(Thread.java:829)

Thread[Actor Thread 2,5,main]
  java.base@11.0.26/jdk.internal.misc.Unsafe.park(Native Method)
  java.base@11.0.26/java.util.concurrent.locks.LockSupport.park(LockSupport.java:194)
  java.base@11.0.26/java.util.concurrent.SynchronousQueue$TransferStack.awaitFulfill(SynchronousQueue.java:460)
  java.base@11.0.26/java.util.concurrent.SynchronousQueue$TransferStack.transfer(SynchronousQueue.java:361)
  java.base@11.0.26/java.util.concurrent.SynchronousQueue.take(SynchronousQueue.java:920)
  java.base@11.0.26/java.util.concurrent.ThreadPoolExecutor.getTask(ThreadPoolExecutor.java:1054)
  java.base@11.0.26/java.util.concurrent.ThreadPoolExecutor.runWorker(ThreadPoolExecutor.java:1114)
  java.base@11.0.26/java.util.concurrent.ThreadPoolExecutor$Worker.run(ThreadPoolExecutor.java:628)
  java.base@11.0.26/java.lang.Thread.run(Thread.java:829)

Thread[process reaper,10,system]
  java.base@11.0.26/jdk.internal.misc.Unsafe.park(Native Method)
  java.base@11.0.26/java.util.concurrent.locks.LockSupport.parkNanos(LockSupport.java:234)
  java.base@11.0.26/java.util.concurrent.SynchronousQueue$TransferStack.awaitFulfill(SynchronousQueue.java:462)
  java.base@11.0.26/java.util.concurrent.SynchronousQueue$TransferStack.transfer(SynchronousQueue.java:361)
  java.base@11.0.26/java.util.concurrent.SynchronousQueue.poll(SynchronousQueue.java:937)
  java.base@11.0.26/java.util.concurrent.ThreadPoolExecutor.getTask(ThreadPoolExecutor.java:1053)
  java.base@11.0.26/java.util.concurrent.ThreadPoolExecutor.runWorker(ThreadPoolExecutor.java:1114)
  java.base@11.0.26/java.util.concurrent.ThreadPoolExecutor$Worker.run(ThreadPoolExecutor.java:628)
  java.base@11.0.26/java.lang.Thread.run(Thread.java:829)

Thread[Thread-1,5,main]
  java.base@11.0.26/jdk.internal.misc.Unsafe.park(Native Method)
  java.base@11.0.26/java.util.concurrent.locks.LockSupport.parkNanos(LockSupport.java:234)
  java.base@11.0.26/java.util.concurrent.locks.AbstractQueuedSynchronizer$ConditionObject.awaitNanos(AbstractQueuedSynchronizer.java:2123)
  java.base@11.0.26/java.util.concurrent.LinkedBlockingDeque.pollFirst(LinkedBlockingDeque.java:513)
  java.base@11.0.26/java.util.concurrent.LinkedBlockingDeque.poll(LinkedBlockingDeque.java:675)
  app//nextflow.util.SimpleAgent.run(SimpleAgent.groovy:89)
  java.base@11.0.26/jdk.internal.reflect.NativeMethodAccessorImpl.invoke0(Native Method)
  java.base@11.0.26/jdk.internal.reflect.NativeMethodAccessorImpl.invoke(NativeMethodAccessorImpl.java:62)
  java.base@11.0.26/jdk.internal.reflect.DelegatingMethodAccessorImpl.invoke(DelegatingMethodAccessorImpl.java:43)
  java.base@11.0.26/java.lang.reflect.Method.invoke(Method.java:566)
  app//org.codehaus.groovy.reflection.CachedMethod.invoke(CachedMethod.java:343)
  app//groovy.lang.MetaMethod.doMethodInvoke(MetaMethod.java:328)
  app//groovy.lang.MetaClassImpl.doInvokeMethod(MetaClassImpl.java:1333)
  app//groovy.lang.MetaClassImpl.invokeMethod(MetaClassImpl.java:1088)
  app//groovy.lang.MetaClassImpl.invokeMethodClosure(MetaClassImpl.java:1017)
  app//groovy.lang.MetaClassImpl.doInvokeMethod(MetaClassImpl.java:1207)
  app//groovy.lang.MetaClassImpl.invokeMethod(MetaClassImpl.java:1088)
  app//groovy.lang.MetaClassImpl.invokeMethod(MetaClassImpl.java:1007)
  app//groovy.lang.Closure.call(Closure.java:433)
  app//groovy.lang.Closure.call(Closure.java:412)
  app//groovy.lang.Closure.run(Closure.java:505)
  java.base@11.0.26/java.lang.Thread.run(Thread.java:829)

Thread[Actor Thread 3,5,main]
  java.base@11.0.26/jdk.internal.misc.Unsafe.park(Native Method)
  java.base@11.0.26/java.util.concurrent.locks.LockSupport.park(LockSupport.java:194)
  java.base@11.0.26/java.util.concurrent.SynchronousQueue$TransferStack.awaitFulfill(SynchronousQueue.java:460)
  java.base@11.0.26/java.util.concurrent.SynchronousQueue$TransferStack.transfer(SynchronousQueue.java:361)
  java.base@11.0.26/java.util.concurrent.SynchronousQueue.take(SynchronousQueue.java:920)
  java.base@11.0.26/java.util.concurrent.ThreadPoolExecutor.getTask(ThreadPoolExecutor.java:1054)
  java.base@11.0.26/java.util.concurrent.ThreadPoolExecutor.runWorker(ThreadPoolExecutor.java:1114)
  java.base@11.0.26/java.util.concurrent.ThreadPoolExecutor$Worker.run(ThreadPoolExecutor.java:628)
  java.base@11.0.26/java.lang.Thread.run(Thread.java:829)

Thread[Signal Dispatcher,9,system]

Thread[Finalizer,8,system]
  java.base@11.0.26/java.lang.Object.wait(Native Method)
  java.base@11.0.26/java.lang.ref.ReferenceQueue.remove(ReferenceQueue.java:155)
  java.base@11.0.26/java.lang.ref.ReferenceQueue.remove(ReferenceQueue.java:176)
  java.base@11.0.26/java.lang.ref.Finalizer$FinalizerThread.run(Finalizer.java:170)

Thread[main,5,main]
  java.base@11.0.26/java.lang.Object.wait(Native Method)
  java.base@11.0.26/java.lang.Thread.join(Thread.java:1300)
  java.base@11.0.26/java.lang.Thread.join(Thread.java:1375)
  app//nextflow.trace.AnsiLogObserver.onFlowComplete(AnsiLogObserver.groovy:506)
  app//nextflow.Session.notifyFlowComplete(Session.groovy:1155)
  app//nextflow.Session.shutdown0(Session.groovy:749)
  app//nextflow.Session.destroy(Session.groovy:694)
  app//nextflow.script.ScriptRunner.shutdown(ScriptRunner.groovy:260)
  app//nextflow.script.ScriptRunner.execute(ScriptRunner.groovy:146)
  app//nextflow.cli.CmdRun.run(CmdRun.groovy:376)
  app//nextflow.cli.Launcher.run(Launcher.groovy:503)
  app//nextflow.cli.Launcher.main(Launcher.groovy:658)

Thread[pool-2-thread-1,5,main]
  java.base@11.0.26/jdk.internal.misc.Unsafe.park(Native Method)
  java.base@11.0.26/java.util.concurrent.locks.LockSupport.park(LockSupport.java:194)
  java.base@11.0.26/java.util.concurrent.locks.AbstractQueuedSynchronizer$ConditionObject.await(AbstractQueuedSynchronizer.java:2081)
  java.base@11.0.26/java.util.concurrent.LinkedBlockingQueue.take(LinkedBlockingQueue.java:433)
  java.base@11.0.26/java.util.concurrent.ThreadPoolExecutor.getTask(ThreadPoolExecutor.java:1054)
  java.base@11.0.26/java.util.concurrent.ThreadPoolExecutor.runWorker(ThreadPoolExecutor.java:1114)
  java.base@11.0.26/java.util.concurrent.ThreadPoolExecutor$Worker.run(ThreadPoolExecutor.java:628)
  java.base@11.0.26/java.lang.Thread.run(Thread.java:829)

Mar-13 20:37:54.841 [TaskFinalizer-1] WARN  nextflow.util.SimpleAgent - Got an interrupted exception while taking agent result | java.lang.InterruptedException
Mar-13 20:37:54.941 [main] DEBUG nextflow.cache.CacheDB - Closing CacheDB done
Mar-13 20:37:54.973 [main] DEBUG nextflow.script.ScriptRunner - > Execution complete -- Goodbye
